// Jest Snapshot v1, https://goo.gl/fbAQLP

exports[`Test index.tsx Should render parking app without crashing 1`] = `"{\\"_reactInternalInstance\\":\\"censored\\"}"`;
